genus	species	taxonomy	stratum	cds	acc
Atta cephalotes	Myrmicinae	Myrmicinae	https://ftp.ncbi.nlm.nih.gov/genomes/all/GCF/000/143/395/GCF_000143395.1_Attacep1.0/GCF_000143395.1_Attacep1.0_cds_from_genomic.fna.gz	GCF_000143395.1
Solenopsis invicta	Myrmicinae	Myrmicinae	https://ftp.ncbi.nlm.nih.gov/genomes/refseq/invertebrate/Solenopsis_invicta/latest_assembly_versions/GCF_016802725.1_UNIL_Sinv_3.0/GCF_016802725.1_UNIL_Sinv_3.0_cds_from_genomic.fna.gz	GCF_016802725.1
Wasmannia auropunctata	Myrmicinae	Myrmicinae	https://ftp.ncbi.nlm.nih.gov/genomes/all/GCF/000/956/235/GCF_000956235.1_wasmannia.A_1.0/GCF_000956235.1_wasmannia.A_1.0_cds_from_genomic.fna.gz	GCF_000956235.1
Vollenhovia emery	Myrmicinae	Myrmicinae	https://ftp.ncbi.nlm.nih.gov/genomes/all/GCF/000/949/405/GCF_000949405.1_V.emery_V1.0/GCF_000949405.1_V.emery_V1.0_cds_from_genomic.fna.gz	GCF_000949405.1
Temnothorax curvispinosus	Myrmicinae	Myrmicinae	https://ftp.ncbi.nlm.nih.gov/genomes/all/GCF/003/070/985/GCF_003070985.1_ASM307098v1/GCF_003070985.1_ASM307098v1_cds_from_genomic.fna.gz	GCF_003070985.1
Formica exsecta	Formicinae	Formicidae	https://ftp.ncbi.nlm.nih.gov/genomes/all/GCF/003/651/465/GCF_003651465.1_ASM365146v1/GCF_003651465.1_ASM365146v1_cds_from_genomic.fna.gz	GCF_003651465.1
Lasius niger	Formicinae	Formicidae	https://ftp.ncbi.nlm.nih.gov/genomes/all/GCA/001/045/655/GCA_001045655.1_ASM104565v1/GCA_001045655.1_ASM104565v1_cds_from_genomic.fna.gz	GCA_001045655.1
Odontomachus brunneus	Ponerinae	Formicidae	https://ftp.ncbi.nlm.nih.gov/genomes/all/GCF/010/583/005/GCF_010583005.1_Obru_v1/GCF_010583005.1_Obru_v1_cds_from_genomic.fna.gz	GCF_010583005.1
Linepithema humile	Dolichoderinae	Formicidae	https://ftp.ncbi.nlm.nih.gov/genomes/all/GCF/000/217/595/GCF_000217595.1_Lhum_UMD_V04/GCF_000217595.1_Lhum_UMD_V04_cds_from_genomic.fna.gz	GCF_000217595.1
Ooceraea biroi	Dorylinae	Formicidae	https://ftp.ncbi.nlm.nih.gov/genomes/all/GCF/003/672/135/GCF_003672135.1_Obir_v5.4/GCF_003672135.1_Obir_v5.4_cds_from_genomic.fna.gz	GCF_003672135.1
Pseudomyrmex gracilis	Pseudomirmecinae	Formicidae	https://ftp.ncbi.nlm.nih.gov/genomes/all/GCF/002/006/095/GCF_002006095.1_ASM200609v1/GCF_002006095.1_ASM200609v1_cds_from_genomic.fna.gz	GCF_002006095.1
Vespa crabro	Hymenoptera	Hymenoptera	https://ftp.ncbi.nlm.nih.gov/genomes/all/GCF/910/589/235/GCF_910589235.1_iyVesCrab1.2/GCF_910589235.1_iyVesCrab1.2_cds_from_genomic.fna.gz	GCF_910589235.1
Orussus abietinus	Hymenoptera	Hymenoptera	https://ftp.ncbi.nlm.nih.gov/genomes/all/GCF/000/612/105/GCF_000612105.2_Oabi_2.0/GCF_000612105.2_Oabi_2.0_cds_from_genomic.fna.gz	GCF_000612105.2
Diprion similis	Hymenoptera	Hymenoptera	https://ftp.ncbi.nlm.nih.gov/genomes/all/GCF/021/155/765/GCF_021155765.1_iyDipSimi1.1/GCF_021155765.1_iyDipSimi1.1_cds_from_genomic.fna.gz	GCF_021155765.1
Leptopilina heterotoma	Hymenoptera	Hymenoptera	https://ftp.ncbi.nlm.nih.gov/genomes/all/GCF/015/476/425/GCF_015476425.1_ASM1547642v1/GCF_015476425.1_ASM1547642v1_cds_from_genomic.fna.gz	GCF_015476425.1
Apis mellifera	Hymenoptera	Hymenoptera	https://ftp.ncbi.nlm.nih.gov/genomes/all/GCF/003/254/395/GCF_003254395.2_Amel_HAv3.1/GCF_003254395.2_Amel_HAv3.1_cds_from_genomic.fna.gz	GCF_003254395.2
Nasonia vitripennis	Hymenoptera	Hymenoptera	https://ftp.ncbi.nlm.nih.gov/genomes/all/GCF/009/193/385/GCF_009193385.2_Nvit_psr_1.1/GCF_009193385.2_Nvit_psr_1.1_cds_from_genomic.fna.gz	GCF_009193385.2
Drosophila melanogaster	Diptera	Holometabola	https://ftp.ncbi.nlm.nih.gov/genomes/all/GCF/000/001/215/GCF_000001215.4_Release_6_plus_ISO1_MT/GCF_000001215.4_Release_6_plus_ISO1_MT_cds_from_genomic.fna.gz	GCF_000001215.4
Anopheles gambiae	Diptera	Holometabola	https://ftp.ncbi.nlm.nih.gov/genomes/all/GCF/000/005/575/GCF_000005575.2_AgamP3/GCF_000005575.2_AgamP3_cds_from_genomic.fna.gz	GCF_000005575.2
Bombyx mori	Lepidoptera	Holometabola	https://ftp.ncbi.nlm.nih.gov/genomes/all/GCF/014/905/235/GCF_014905235.1_Bmori_2016v1.0/GCF_014905235.1_Bmori_2016v1.0_cds_from_genomic.fna.gz	GCF_014905235.1
Danaus plexippus	Lepidoptera	Holometabola	https://ftp.ncbi.nlm.nih.gov/genomes/all/GCF/009/731/565/GCF_009731565.1_Dplex_v4/GCF_009731565.1_Dplex_v4_cds_from_genomic.fna.gz	GCF_009731565.1
Tribolium castaneum	Coleoptera	Holometabola	https://ftp.ncbi.nlm.nih.gov/genomes/all/GCF/000/002/335/GCF_000002335.3_Tcas5.2/GCF_000002335.3_Tcas5.2_cds_from_genomic.fna.gz	GCF_000002335.3
Anoplophora glabripennis	Coleoptera	Holometabola	https://ftp.ncbi.nlm.nih.gov/genomes/all/GCF/000/390/285/GCF_000390285.2_Agla_2.0/GCF_000390285.2_Agla_2.0_cds_from_genomic.fna.gz	GCF_000390285.2
Halyomorpha halis	Hemiptera	Holometabola	https://ftp.ncbi.nlm.nih.gov/genomes/all/GCF/000/696/795/GCF_000696795.2_Hhal_2.0/GCF_000696795.2_Hhal_2.0_cds_from_genomic.fna.gz	GCF_000696795.2
Acyrthosiphon pisum	Hemiptera	Holometabola	https://ftp.ncbi.nlm.nih.gov/genomes/all/GCF/005/508/785/GCF_005508785.1_pea_aphid_22Mar2018_4r6ur/GCF_005508785.1_pea_aphid_22Mar2018_4r6ur_cds_from_genomic.fna.gz	GCF_005508785.1
Blattella germanica	Blattodea	Neoptera	https://ftp.ncbi.nlm.nih.gov/genomes/all/GCA/003/018/175/GCA_003018175.1_Bger_1.1/GCA_003018175.1_Bger_1.1_cds_from_genomic.fna.gz	GCA_003018175.1
Zootermopsis nevadensis	Isoptera	Neoptera	https://ftp.ncbi.nlm.nih.gov/genomes/all/GCF/000/696/155/GCF_000696155.1_ZooNev1.0/GCF_000696155.1_ZooNev1.0_cds_from_genomic.fna.gz	GCF_000696155.1
Schistocerca americana	Orthoptera	Neoptera	https://ftp.ncbi.nlm.nih.gov/genomes/all/GCF/021/461/395/GCF_021461395.2_iqSchAmer2.1/GCF_021461395.2_iqSchAmer2.1_cds_from_genomic.fna.gz	GCF_021461395.2
Ephemera danica	Ephemerottera	Paleoptera	https://ftp.ncbi.nlm.nih.gov/genomes/all/GCA/000/507/165/GCA_000507165.2_Edan_2.0/GCA_000507165.2_Edan_2.0_cds_from_genomic.fna.gz	GCA_000507165.2
Ladona fulva	Odonata	Paleoptera	https://ftp.ncbi.nlm.nih.gov/genomes/all/GCA/000/376/725/GCA_000376725.2_Lful_2.0/GCA_000376725.2_Lful_2.0_cds_from_genomic.fna.gz	GCA_000376725.2
